// Jest Snapshot v1, https://goo.gl/fbAQLP

exports[`renders a StaticAnimator with a height animation at 0 animating in 1`] = `
<View
  style={
    Object {
      "height": 0,
    }
  }
>
  <View
    style={
      Object {
        "height": 100,
        "width": 100,
      }
    }
  />
</View>
`;
